---
created: "2019-08-28T14:41:01.271832Z"
creator: insta@0.10.1
source: codespan-reporting/tests/term.rs
expression: TEST_DATA.emit_no_color(&config)
---
note: middle

   ┌── hello:1:7 ───
   │
 1 │ Hello world!
   │       ^ middle
   │

note: end of line

   ┌── hello:1:13 ───
   │
 1 │ Hello world!
   │             ^ end of line
   │

note: end of file

   ┌── hello:2:11 ───
   │
 2 │ Bye world!
   │           ^ end of file
   │


