---
created: "2019-06-23T07:18:02.238401Z"
creator: insta@0.8.1
source: codespan-reporting/tests/term.rs
expression: result
---
{fg:Red bold bright}error[E0308]{bold bright}: `case` clauses have incompatible types{/}

   {fg:Blue}┌{/}{fg:Blue}──{/} FizzBuzz.fun:8:12 {fg:Blue}───{/}
   {fg:Blue}│{/}
 {fg:Blue}8{/} {fg:Blue}│{/}     _ _ => {fg:Red}num{/}
   {fg:Blue}│{/}            {fg:Red}^^^ expected `String`, found `Nat`{/}
   {fg:Blue}│{/}
   {fg:Blue}={/} expected type `String`
        found type `Nat`

   {fg:Blue}┌{/}{fg:Blue}──{/} FizzBuzz.fun:4:13 {fg:Blue}───{/}
   {fg:Blue}│{/}
 {fg:Blue}4{/} {fg:Blue}│{/}   fizz₁ num = {fg:Blue}case (mod num 5) (mod num 3) of{/}
   {fg:Blue}│{/} {fg:Blue}╭─────────────-{/}
 {fg:Blue}5{/} {fg:Blue}│{/} {fg:Blue}│{/} {fg:Blue}    0 0 => "FizzBuzz"{/}
 {fg:Blue}6{/} {fg:Blue}│{/} {fg:Blue}│{/} {fg:Blue}    0 _ => "Fizz"{/}
 {fg:Blue}7{/} {fg:Blue}│{/} {fg:Blue}│{/} {fg:Blue}    _ 0 => "Buzz"{/}
 {fg:Blue}8{/} {fg:Blue}│{/} {fg:Blue}│{/} {fg:Blue}    _ _ => num{/}
   {fg:Blue}│{/} {fg:Blue}╰──────────────- `case` clauses have incompatible types{/}
   {fg:Blue}│{/}

   {fg:Blue}┌{/}{fg:Blue}──{/} FizzBuzz.fun:3:15 {fg:Blue}───{/}
   {fg:Blue}│{/}
 {fg:Blue}3{/} {fg:Blue}│{/} fizz₁ : Nat → {fg:Blue}String{/}
   {fg:Blue}│{/}               {fg:Blue}------ expected type `String` found here{/}
   {fg:Blue}│{/}

{fg:Red bold bright}error[E0308]{bold bright}: `case` clauses have incompatible types{/}

    {fg:Blue}┌{/}{fg:Blue}──{/} FizzBuzz.fun:15:16 {fg:Blue}───{/}
    {fg:Blue}│{/}
 {fg:Blue}15{/} {fg:Blue}│{/}         _ _ => {fg:Red}num{/}
    {fg:Blue}│{/}                {fg:Red}^^^ expected `String`, found `Nat`{/}
    {fg:Blue}│{/}
    {fg:Blue}={/} expected type `String`
         found type `Nat`

    {fg:Blue}┌{/}{fg:Blue}──{/} FizzBuzz.fun:11:5 {fg:Blue}───{/}
    {fg:Blue}│{/}
 {fg:Blue}11{/} {fg:Blue}│{/}       {fg:Blue}case (mod num 5) (mod num 3) of{/}
    {fg:Blue}│{/} {fg:Blue}╭─────-{/}
 {fg:Blue}12{/} {fg:Blue}│{/} {fg:Blue}│{/} {fg:Blue}        0 0 => "FizzBuzz"{/}
 {fg:Blue}13{/} {fg:Blue}│{/} {fg:Blue}│{/} {fg:Blue}        0 _ => "Fizz"{/}
 {fg:Blue}14{/} {fg:Blue}│{/} {fg:Blue}│{/} {fg:Blue}        _ 0 => "Buzz"{/}
 {fg:Blue}15{/} {fg:Blue}│{/} {fg:Blue}│{/} {fg:Blue}        _ _ => num{/}
    {fg:Blue}│{/} {fg:Blue}╰──────────────────- `case` clauses have incompatible types{/}
    {fg:Blue}│{/}

    {fg:Blue}┌{/}{fg:Blue}──{/} FizzBuzz.fun:12:16 {fg:Blue}───{/}
    {fg:Blue}│{/}
 {fg:Blue}12{/} {fg:Blue}│{/}         0 0 => {fg:Blue}"FizzBuzz"{/}
    {fg:Blue}│{/}                {fg:Blue}---------- this is found to be of type `String`{/}
    {fg:Blue}│{/}

    {fg:Blue}┌{/}{fg:Blue}──{/} FizzBuzz.fun:13:16 {fg:Blue}───{/}
    {fg:Blue}│{/}
 {fg:Blue}13{/} {fg:Blue}│{/}         0 _ => {fg:Blue}"Fizz"{/}
    {fg:Blue}│{/}                {fg:Blue}------ this is found to be of type `String`{/}
    {fg:Blue}│{/}

    {fg:Blue}┌{/}{fg:Blue}──{/} FizzBuzz.fun:14:16 {fg:Blue}───{/}
    {fg:Blue}│{/}
 {fg:Blue}14{/} {fg:Blue}│{/}         _ 0 => {fg:Blue}"Buzz"{/}
    {fg:Blue}│{/}                {fg:Blue}------ this is found to be of type `String`{/}
    {fg:Blue}│{/}


