---
created: "2019-06-11T09:53:33.497565Z"
creator: insta@0.8.1
source: codespan-reporting/tests/emit.rs
expression: result
---
Data/Nat.fun:7:13: error: unknown builtin: `NATRAL`
Data/Nat.fun:17:16: warning: unused parameter pattern: `n₂`
Test.fun:4:11: error[E0001]: unexpected type in application of `_+_`

